unmodified by f
2
5
7
modified by Fscope:
3
6
8
 
unmodified by G
2
5
7
modified by GScope
4
7
9
Creating HScope inside GScope
Unmodified by H
4
7
9
modified by HScope
7
10
12
