2112
1337
1337
2112
2112
1337
Base case!
It's over...
9000
