In main program, n = 100
In g, m = 50
In g, n = 1
In f, n = 100
In f, n = 100
