58485
-5307
1
1
foo bar baz qux
0
1
0
10
9
8
7
6
5
4
3
2
1
barbazfoo
t
e
a
m
in the name of love
foofoofoo
