0
7
Lambdaception
Lambda
null
Lambda
null
Lambda
null
Lambda
null
