2
0
1
1
3
-1
2
0
8
-4
12
0
27
-21
72
0
125
-115
600
0
2
0
1
1
3
1
2
2
8
4
12
3
27
21
72
8
125
115
600
24
