|4|f|foo|Getting to 35 points is a huge f&#*ing challenge!|
My list has 4 items in it!
|
My list has 0 items in it!
